[    0.000000] Linux version 4.15.0-156-generic (buildd@lcy01-amd64-008) (gcc version 7.5.0 (Ubuntu 7.5.0-3ubuntu1~18.04)) #163-Ubuntu SMP Thu Aug 19 23:31:58 UTC 2021 (Ubuntu 4.15.0-156.163-generic 4.15.18)
[    0.000000] Command line: BOOT_IMAGE=/boot/vmlinuz-4.15.0-156-generic root=LABEL=cloudimg-rootfs ro console=tty1 console=ttyS0
[    0.000000] KERNEL supported cpus:
[    0.000000]   Intel GenuineIntel
[    0.000000]   AMD AuthenticAMD
[    0.000000]   Centaur CentaurHauls
[    0.000000] x86/fpu: Supporting XSAVE feature 0x001: 'x87 floating point registers'
[    0.000000] x86/fpu: Supporting XSAVE feature 0x002: 'SSE registers'
[    0.000000] x86/fpu: Supporting XSAVE feature 0x004: 'AVX registers'
[    0.000000] x86/fpu: xstate_offset[2]:  576, xstate_sizes[2]:  256
[    0.000000] x86/fpu: Enabled xstate features 0x7, context size is 832 bytes, using 'standard' format.
[    0.000000] e820: BIOS-provided physical RAM map:
[    0.000000] BIOS-e820: [mem 0x0000000000000000-0x000000000009fbff] usable
[    0.000000] BIOS-e820: [mem 0x000000000009fc00-0x000000000009ffff] reserved
[    0.000000] BIOS-e820: [mem 0x00000000000f0000-0x00000000000fffff] reserved
[    0.000000] BIOS-e820: [mem 0x0000000000100000-0x000000003ffeffff] usable
[    0.000000] BIOS-e820: [mem 0x000000003fff0000-0x000000003fffffff] ACPI data
[    0.000000] BIOS-e820: [mem 0x00000000fec00000-0x00000000fec00fff] reserved
[    0.000000] BIOS-e820: [mem 0x00000000fee00000-0x00000000fee00fff] reserved
[    0.000000] BIOS-e820: [mem 0x00000000fffc0000-0x00000000ffffffff] reserved
[    0.000000] NX (Execute Disable) protection: active
[    0.000000] SMBIOS 2.5 present.
[    0.000000] DMI: innotek GmbH VirtualBox/VirtualBox, BIOS VirtualBox 12/01/2006
[    0.000000] Hypervisor detected: KVM
[    0.000000] e820: last_pfn = 0x3fff0 max_arch_pfn = 0x400000000
[    0.000000] MTRR: Disabled
[    0.000000] x86/PAT: MTRRs disabled, skipping PAT initialization too.
[    0.000000] CPU MTRRs all blank - virtualized system.
[    0.000000] x86/PAT: Configuration [0-7]: WB  WT  UC- UC  WB  WT  UC- UC  
[    0.000000] found SMP MP-table at [mem 0x0009fff0-0x0009ffff]
[    0.000000] Scanning 1 areas for low memory corruption
[    0.000000] RAMDISK: [mem 0x359cf000-0x36cdefff]
[    0.000000] ACPI: Early table checksum verification disabled
[    0.000000] ACPI: RSDP 0x00000000000E0000 000024 (v02 VBOX  )
[    0.000000] ACPI: XSDT 0x000000003FFF0030 00003C (v01 VBOX   VBOXXSDT 00000001 ASL  00000061)
[    0.000000] ACPI: FACP 0x000000003FFF00F0 0000F4 (v04 VBOX   VBOXFACP 00000001 ASL  00000061)
[    0.000000] ACPI: DSDT 0x000000003FFF0470 0022EA (v02 VBOX   VBOXBIOS 00000002 INTL 20181213)
[    0.000000] ACPI: FACS 0x000000003FFF0200 000040
[    0.000000] ACPI: FACS 0x000000003FFF0200 000040
[    0.000000] ACPI: APIC 0x000000003FFF0240 00005C (v02 VBOX   VBOXAPIC 00000001 ASL  00000061)
[    0.000000] ACPI: SSDT 0x000000003FFF02A0 0001CC (v01 VBOX   VBOXCPUT 00000002 INTL 20181213)
[    0.000000] ACPI: Reserving FACP table memory at [mem 0x3fff00f0-0x3fff01e3]
[    0.000000] ACPI: Reserving DSDT table memory at [mem 0x3fff0470-0x3fff2759]
[    0.000000] ACPI: Reserving FACS table memory at [mem 0x3fff0200-0x3fff023f]
[    0.000000] ACPI: Reserving FACS table memory at [mem 0x3fff0200-0x3fff023f]
[    0.000000] ACPI: Reserving APIC table memory at [mem 0x3fff0240-0x3fff029b]
[    0.000000] ACPI: Reserving SSDT table memory at [mem 0x3fff02a0-0x3fff046b]
[    0.000000] No NUMA configuration found
[    0.000000] Faking a node at [mem 0x0000000000000000-0x000000003ffeffff]
[    0.000000] NODE_DATA(0) allocated [mem 0x3ffc5000-0x3ffeffff]
[    0.000000] kvm-clock: cpu 0, msr 0:3ff44001, primary cpu clock
[    0.000000] kvm-clock: Using msrs 4b564d01 and 4b564d00
[    0.000000] kvm-clock: using sched offset of 3462092174 cycles
[    0.000000] clocksource: kvm-clock: mask: 0xffffffffffffffff max_cycles: 0x1cd42e4dffb, max_idle_ns: 881590591483 ns
[    0.000000] Zone ranges:
[    0.000000]   DMA      [mem 0x0000000000001000-0x0000000000ffffff]
[    0.000000]   DMA32    [mem 0x0000000001000000-0x000000003ffeffff]
[    0.000000]   Normal   empty
[    0.000000]   Device   empty
[    0.000000] Movable zone start for each node
[    0.000000] Early memory node ranges
[    0.000000]   node   0: [mem 0x0000000000001000-0x000000000009efff]
[    0.000000]   node   0: [mem 0x0000000000100000-0x000000003ffeffff]
[    0.000000] Reserved but unavailable: 104 pages
[    0.000000] Initmem setup node 0 [mem 0x0000000000001000-0x000000003ffeffff]
[    0.000000] ACPI: PM-Timer IO Port: 0x4008
[    0.000000] IOAPIC[0]: apic_id 2, version 32, address 0xfec00000, GSI 0-23
[    0.000000] ACPI: INT_SRC_OVR (bus 0 bus_irq 0 global_irq 2 dfl dfl)
[    0.000000] ACPI: INT_SRC_OVR (bus 0 bus_irq 9 global_irq 9 low level)
[    0.000000] Using ACPI (MADT) for SMP configuration information
[    0.000000] smpboot: Allowing 2 CPUs, 0 hotplug CPUs
[    0.000000] PM: Registered nosave memory: [mem 0x00000000-0x00000fff]
[    0.000000] PM: Registered nosave memory: [mem 0x0009f000-0x0009ffff]
[    0.000000] PM: Registered nosave memory: [mem 0x000a0000-0x000effff]
[    0.000000] PM: Registered nosave memory: [mem 0x000f0000-0x000fffff]
[    0.000000] e820: [mem 0x40000000-0xfebfffff] available for PCI devices
[    0.000000] Booting paravirtualized kernel on KVM
[    0.000000] clocksource: refined-jiffies: mask: 0xffffffff max_cycles: 0xffffffff, max_idle_ns: 7645519600211568 ns
[    0.000000] random: get_random_bytes called from start_kernel+0x99/0x500 with crng_init=0
[    0.000000] setup_percpu: NR_CPUS:8192 nr_cpumask_bits:2 nr_cpu_ids:2 nr_node_ids:1
[    0.000000] percpu: Embedded 45 pages/cpu s147456 r8192 d28672 u1048576
[    0.000000] PV qspinlock hash table entries: 256 (order: 0, 4096 bytes)
[    0.000000] Built 1 zonelists, mobility grouping on.  Total pages: 257913
[    0.000000] Policy zone: DMA32
[    0.000000] Kernel command line: BOOT_IMAGE=/boot/vmlinuz-4.15.0-156-generic root=LABEL=cloudimg-rootfs ro console=tty1 console=ttyS0
[    0.000000] Memory: 982716K/1048120K available (12300K kernel code, 2483K rwdata, 4320K rodata, 2448K init, 2724K bss, 65404K reserved, 0K cma-reserved)
[    0.000000] SLUB: HWalign=64, Order=0-3, MinObjects=0, CPUs=2, Nodes=1
[    0.000000] Kernel/User page tables isolation: enabled
[    0.000000] ftrace: allocating 39466 entries in 155 pages
[    0.004000] Hierarchical RCU implementation.
[    0.004000] 	RCU restricting CPUs from NR_CPUS=8192 to nr_cpu_ids=2.
[    0.004000] 	Tasks RCU enabled.
[    0.004000] RCU: Adjusting geometry for rcu_fanout_leaf=16, nr_cpu_ids=2
[    0.004000] NR_IRQS: 524544, nr_irqs: 440, preallocated irqs: 16
[    0.004000] Console: colour VGA+ 80x25
[    0.004000] console [tty1] enabled
[    0.004000] console [ttyS0] enabled
[    0.004000] ACPI: Core revision 20170831
[    0.004000] ACPI: 2 ACPI AML tables successfully acquired and loaded
[    0.004000] APIC: Switch to symmetric I/O mode setup
[    0.004000] x2apic enabled
[    0.004000] Switched APIC routing to physical x2apic.
[    0.004000] ..TIMER: vector=0x30 apic1=0 pin1=2 apic2=-1 pin2=-1
[    0.004000] tsc: Detected 3510.308 MHz processor
[    0.004000] Calibrating delay loop (skipped) preset value.. 7020.61 BogoMIPS (lpj=14041232)
[    0.004004] pid_max: default: 32768 minimum: 301
[    0.004544] Security Framework initialized
[    0.005035] Yama: becoming mindful.
[    0.005478] AppArmor: AppArmor initialized
[    0.006412] Dentry cache hash table entries: 131072 (order: 8, 1048576 bytes)
[    0.008041] Inode-cache hash table entries: 65536 (order: 7, 524288 bytes)
[    0.008808] Mount-cache hash table entries: 2048 (order: 2, 16384 bytes)
[    0.009530] Mountpoint-cache hash table entries: 2048 (order: 2, 16384 bytes)
[    0.010532] Last level iTLB entries: 4KB 512, 2MB 8, 4MB 8
[    0.011143] Last level dTLB entries: 4KB 512, 2MB 32, 4MB 32, 1GB 0
[    0.011820] Spectre V1 : Mitigation: usercopy/swapgs barriers and __user pointer sanitization
[    0.012002] Spectre V2 : Mitigation: Full generic retpoline
[    0.012611] Spectre V2 : Spectre v2 / SpectreRSB mitigation: Filling RSB on context switch
[    0.013543] Speculative Store Bypass: Vulnerable
[    0.014104] SRBDS: Unknown: Dependent on hypervisor status
[    0.014712] MDS: Vulnerable: Clear CPU buffers attempted, no microcode
[    0.016133] Freeing SMP alternatives memory: 36K
[    0.126408] smpboot: CPU0: Intel(R) Xeon(R) CPU E3-1270 V2 @ 3.50GHz (family: 0x6, model: 0x3a, stepping: 0x9)
[    0.127576] Performance Events: unsupported p6 CPU model 58 no PMU driver, software events only.
[    0.128000] Hierarchical SRCU implementation.
[    0.128000] NMI watchdog: Perf event create on CPU 0 failed with -2
[    0.128000] NMI watchdog: Perf NMI watchdog permanently disabled
[    0.128039] smp: Bringing up secondary CPUs ...
[    0.128627] x86: Booting SMP configuration:
[    0.129131] .... node  #0, CPUs:      #1
[    0.004000] kvm-clock: cpu 1, msr 0:3ff44041, secondary cpu clock
[    0.132017] smp: Brought up 1 node, 2 CPUs
[    0.132492] smpboot: Max logical packages: 1
[    0.132972] smpboot: Total of 2 processors activated (14041.23 BogoMIPS)
[    0.133777] devtmpfs: initialized
[    0.133777] x86/mm: Memory block size: 128MB
[    0.133777] evm: security.selinux
[    0.136004] evm: security.SMACK64
[    0.136411] evm: security.SMACK64EXEC
[    0.136881] evm: security.SMACK64TRANSMUTE
[    0.137432] evm: security.SMACK64MMAP
[    0.137866] evm: security.apparmor
[    0.138265] evm: security.ima
[    0.138623] evm: security.capability
[    0.139089] clocksource: jiffies: mask: 0xffffffff max_cycles: 0xffffffff, max_idle_ns: 7645041785100000 ns
[    0.140006] futex hash table entries: 512 (order: 3, 32768 bytes)
[    0.140710] pinctrl core: initialized pinctrl subsystem
[    0.141716] RTC time: 13:03:33, date: 09/14/21
[    0.142417] NET: Registered protocol family 16
[    0.143102] audit: initializing netlink subsys (disabled)
[    0.144023] audit: type=2000 audit(1631624618.564:1): state=initialized audit_enabled=0 res=1
[    0.144118] cpuidle: using governor ladder
[    0.144524] cpuidle: using governor menu
[    0.145016] ACPI: bus type PCI registered
[    0.145515] acpiphp: ACPI Hot Plug PCI Controller Driver version: 0.5
[    0.148072] PCI: Using configuration type 1 for base access
[    0.148798] HugeTLB registered 2.00 MiB page size, pre-allocated 0 pages
[    0.148798] ACPI: Added _OSI(Module Device)
[    0.148798] ACPI: Added _OSI(Processor Device)
[    0.149060] ACPI: Added _OSI(3.0 _SCP Extensions)
[    0.152007] ACPI: Added _OSI(Processor Aggregator Device)
[    0.152617] ACPI: Added _OSI(Linux-Dell-Video)
[    0.153129] ACPI: Added _OSI(Linux-Lenovo-NV-HDMI-Audio)
[    0.153722] ACPI: Added _OSI(Linux-HPI-Hybrid-Graphics)
[    0.154517] ACPI: Executed 1 blocks of module-level executable AML code
[    0.158385] ACPI: Interpreter enabled
[    0.158827] ACPI: (supports S0 S5)
[    0.159245] ACPI: Using IOAPIC for interrupt routing
[    0.160000] PCI: Using host bridge windows from ACPI; if necessary, use "pci=nocrs" and report a bug
[    0.160119] ACPI: Enabled 2 GPEs in block 00 to 07
[    0.166613] ACPI: PCI Root Bridge [PCI0] (domain 0000 [bus 00-ff])
[    0.167329] acpi PNP0A03:00: _OSC: OS supports [ASPM ClockPM Segments MSI]
[    0.168409] acpi PNP0A03:00: _OSC: not requesting OS control; OS requires [ExtendedConfig ASPM ClockPM MSI]
[    0.169486] acpi PNP0A03:00: fail to add MMCONFIG information, can't access extended PCI configuration space under this bridge.
[    0.170933] PCI host bridge to bus 0000:00
[    0.171427] pci_bus 0000:00: root bus resource [io  0x0000-0x0cf7 window]
[    0.172003] pci_bus 0000:00: root bus resource [io  0x0d00-0xffff window]
[    0.172760] pci_bus 0000:00: root bus resource [mem 0x000a0000-0x000bffff window]
[    0.174083] pci_bus 0000:00: root bus resource [mem 0x40000000-0xfdffffff window]
[    0.174907] pci_bus 0000:00: root bus resource [bus 00-ff]
[    0.177090] pci 0000:00:01.1: legacy IDE quirk: reg 0x10: [io  0x01f0-0x01f7]
[    0.177882] pci 0000:00:01.1: legacy IDE quirk: reg 0x14: [io  0x03f6]
[    0.178579] pci 0000:00:01.1: legacy IDE quirk: reg 0x18: [io  0x0170-0x0177]
[    0.179387] pci 0000:00:01.1: legacy IDE quirk: reg 0x1c: [io  0x0376]
[    0.193343] pci 0000:00:07.0: quirk: [io  0x4000-0x403f] claimed by PIIX4 ACPI
[    0.194425] pci 0000:00:07.0: quirk: [io  0x4100-0x410f] claimed by PIIX4 SMB
[    0.201263] ACPI: PCI Interrupt Link [LNKA] (IRQs 5 9 10 *11)
[    0.202424] ACPI: PCI Interrupt Link [LNKB] (IRQs 5 9 *10 11)
[    0.203365] ACPI: PCI Interrupt Link [LNKC] (IRQs 5 *9 10 11)
[    0.204098] ACPI: PCI Interrupt Link [LNKD] (IRQs 5 9 10 *11)
[    0.205115] SCSI subsystem initialized
[    0.205636] pci 0000:00:02.0: vgaarb: setting as boot VGA device
[    0.205636] pci 0000:00:02.0: vgaarb: VGA device added: decodes=io+mem,owns=io+mem,locks=none
[    0.205749] pci 0000:00:02.0: vgaarb: bridge control possible
[    0.208007] vgaarb: loaded
[    0.208402] ACPI: bus type USB registered
[    0.208916] usbcore: registered new interface driver usbfs
[    0.209572] usbcore: registered new interface driver hub
[    0.210208] usbcore: registered new device driver usb
[    0.210850] EDAC MC: Ver: 3.0.0
[    0.212056] PCI: Using ACPI for IRQ routing
[    0.212765] NetLabel: Initializing
[    0.213211] NetLabel:  domain hash size = 128
[    0.213742] NetLabel:  protocols = UNLABELED CIPSOv4 CALIPSO
[    0.214413] NetLabel:  unlabeled traffic allowed by default
[    0.215083] clocksource: Switched to clocksource kvm-clock
[    0.221417] VFS: Disk quotas dquot_6.6.0
[    0.221929] VFS: Dquot-cache hash table entries: 512 (order 0, 4096 bytes)
[    0.222760] AppArmor: AppArmor Filesystem Enabled
[    0.223316] pnp: PnP ACPI init
[    0.224523] pnp: PnP ACPI: found 3 devices
[    0.233583] clocksource: acpi_pm: mask: 0xffffff max_cycles: 0xffffff, max_idle_ns: 2085701024 ns
[    0.234644] NET: Registered protocol family 2
[    0.235189] IP idents hash table entries: 16384 (order: 5, 131072 bytes)
[    0.236487] TCP established hash table entries: 8192 (order: 4, 65536 bytes)
[    0.237273] TCP bind hash table entries: 8192 (order: 5, 131072 bytes)
[    0.237974] TCP: Hash tables configured (established 8192 bind 8192)
[    0.238670] UDP hash table entries: 512 (order: 2, 16384 bytes)
[    0.239312] UDP-Lite hash table entries: 512 (order: 2, 16384 bytes)
[    0.240062] NET: Registered protocol family 1
[    0.240596] pci 0000:00:00.0: Limiting direct PCI/PCI transfers
[    0.241251] pci 0000:00:01.0: Activating ISA DMA hang workarounds
[    0.241936] pci 0000:00:02.0: Video device with shadowed ROM at [mem 0x000c0000-0x000dffff]
[    0.242924] Unpacking initramfs...
[    0.446839] Freeing initrd memory: 19520K
[    0.447504] clocksource: tsc: mask: 0xffffffffffffffff max_cycles: 0x32995acda6e, max_idle_ns: 440795302952 ns
[    0.448695] platform rtc_cmos: registered platform RTC device (no PNP device found)
[    0.449561] Scanning for low memory corruption every 60 seconds
[    0.450846] Initialise system trusted keyrings
[    0.451360] Key type blacklist registered
[    0.451901] workingset: timestamp_bits=36 max_order=18 bucket_order=0
[    0.453431] zbud: loaded
[    0.454172] squashfs: version 4.0 (2009/01/31) Phillip Lougher
[    0.454994] fuse init (API version 7.26)
[    0.457309] Key type asymmetric registered
[    0.457792] Asymmetric key parser 'x509' registered
[    0.458363] Block layer SCSI generic (bsg) driver version 0.4 loaded (major 246)
[    0.459221] io scheduler noop registered
[    0.459685] io scheduler deadline registered
[    0.460238] io scheduler cfq registered (default)
[    0.461034] ACPI: AC Adapter [AC] (on-line)
[    0.461551] input: Power Button as /devices/LNXSYSTM:00/LNXPWRBN:00/input/input0
[    0.462455] ACPI: Power Button [PWRF]
[    0.462939] input: Sleep Button as /devices/LNXSYSTM:00/LNXSLPBN:00/input/input1
[    0.463762] ACPI: Sleep Button [SLPF]
[    0.464581] Serial: 8250/16550 driver, 32 ports, IRQ sharing enabled
[    0.485795] 00:02: ttyS0 at I/O 0x3f8 (irq = 4, base_baud = 115200) is a 16550A
[    0.489201] Linux agpgart interface v0.103
[    0.490874] loop: module loaded
[    0.491669] scsi host0: ata_piix
[    0.492197] scsi host1: ata_piix
[    0.492628] ata1: PATA max UDMA/33 cmd 0x1f0 ctl 0x3f6 bmdma 0xd000 irq 14
[    0.493376] ata2: PATA max UDMA/33 cmd 0x170 ctl 0x376 bmdma 0xd008 irq 15
[    0.494178] libphy: Fixed MDIO Bus: probed
[    0.494714] tun: Universal TUN/TAP device driver, 1.6
[    0.495331] PPP generic driver version 2.4.2
[    0.495898] ehci_hcd: USB 2.0 'Enhanced' Host Controller (EHCI) Driver
[    0.496646] ehci-pci: EHCI PCI platform driver
[    0.497157] ehci-platform: EHCI generic platform driver
[    0.497734] ohci_hcd: USB 1.1 'Open' Host Controller (OHCI) Driver
[    0.498397] ohci-pci: OHCI PCI platform driver
[    0.498903] ohci-platform: OHCI generic platform driver
[    0.499481] uhci_hcd: USB Universal Host Controller Interface driver
[    0.500244] i8042: PNP: PS/2 Controller [PNP0303:PS2K,PNP0f03:PS2M] at 0x60,0x64 irq 1,12
[    0.501507] serio: i8042 KBD port at 0x60,0x64 irq 1
[    0.502077] serio: i8042 AUX port at 0x60,0x64 irq 12
[    0.502824] mousedev: PS/2 mouse device common for all mice
[    0.503927] input: AT Translated Set 2 keyboard as /devices/platform/i8042/serio0/input/input2
[    0.505141] rtc_cmos rtc_cmos: rtc core: registered rtc_cmos as rtc0
[    0.505891] rtc_cmos rtc_cmos: alarms up to one day, 114 bytes nvram
[    0.506593] i2c /dev entries driver
[    0.507046] device-mapper: uevent: version 1.0.3
[    0.507687] device-mapper: ioctl: 4.37.0-ioctl (2017-09-20) initialised: dm-devel@redhat.com
[    0.508758] ledtrig-cpu: registered to indicate activity on CPUs
[    0.509842] NET: Registered protocol family 10
[    0.514627] Segment Routing with IPv6
[    0.515091] NET: Registered protocol family 17
[    0.515646] Key type dns_resolver registered
[    0.516494] mce: Using 0 MCE banks
[    0.516923] RAS: Correctable Errors collector initialized.
[    0.517545] sched_clock: Marking stable (516469850, 0)->(622940750, -106470900)
[    0.518967] registered taskstats version 1
[    0.519517] Loading compiled-in X.509 certificates
[    0.522866] Loaded X.509 cert 'Build time autogenerated kernel key: b39ba71f7e5bf175906d0a602aa7bdc709562f9b'
[    0.524741] Loaded X.509 cert 'Canonical Ltd. Live Patch Signing: 14df34d1a87cf37625abec039ef2bf521249b969'
[    0.526526] Loaded X.509 cert 'Canonical Ltd. Kernel Module Signing: 88f752e560a1e0737e31163a466ad7b70a850c19'
[    0.527757] zswap: loaded using pool lzo/zbud
[    0.532925] Key type big_key registered
[    0.533527] Key type trusted registered
[    0.536322] Key type encrypted registered
[    0.536930] AppArmor: AppArmor sha1 policy hashing enabled
[    0.537708] ima: No TPM chip found, activating TPM-bypass! (rc=-19)
[    0.538580] ima: Allocated hash algorithm: sha1
[    0.539255] evm: HMAC attrs: 0x1
[    0.539955]   Magic number: 5:960:78
[    0.540614] rtc_cmos rtc_cmos: setting system clock to 2021-09-14 13:03:34 UTC (1631624614)
[    0.542001] BIOS EDD facility v0.16 2004-Jun-25, 0 devices found
[    0.542846] EDD information not available.
[    0.654284] Freeing unused kernel image memory: 2448K
[    0.674559] Write protecting the kernel read-only data: 20480k
[    0.676277] Freeing unused kernel image memory: 2008K
[    0.677522] Freeing unused kernel image memory: 1824K
[    0.688396] x86/mm: Checked W+X mappings: passed, no W+X pages found.
[    0.689136] x86/mm: Checking user space page tables
[    0.695022] x86/mm: Checked W+X mappings: passed, no W+X pages found.
Loading, please wait...
starting version 237
[    0.759878] e1000: Intel(R) PRO/1000 Network Driver - version 7.3.21-k8-NAPI
[    0.760764] e1000: Copyright (c) 1999-2006 Intel Corporation.
[    0.763602] Fusion MPT base driver 3.04.20
[    0.764202] Copyright (c) 1999-2008 LSI Corporation
[    0.780622] AVX version of gcm_enc/dec engaged.
[    0.781207] AES CTR mode by8 optimization enabled
[    0.783330] Fusion MPT SPI Host driver 3.04.20
[    0.794144] mptbase: ioc0: Initiating bringup
[    0.892380] ioc0: LSI53C1030 A0: Capabilities={Initiator}
[    0.970641] input: ImExPS/2 Generic Explorer Mouse as /devices/platform/i8042/serio1/input/input4
[    1.135251] scsi host2: ioc0: LSI53C1030 A0, FwRev=00000000h, Ports=1, MaxQ=256, IRQ=20
[    1.304564] scsi 2:0:0:0: Direct-Access     VBOX     HARDDISK         1.0  PQ: 0 ANSI: 5
[    1.340089] scsi target2:0:0: Beginning Domain Validation
[    1.357368] scsi target2:0:0: Domain Validation skipping write tests
[    1.358375] scsi target2:0:0: Ending Domain Validation
[    1.359345] scsi target2:0:0: asynchronous
[    1.383625] scsi 2:0:1:0: Direct-Access     VBOX     HARDDISK         1.0  PQ: 0 ANSI: 5
[    1.612110] scsi target2:0:1: Beginning Domain Validation
[    1.613440] random: fast init done
[    1.613875] scsi target2:0:1: Domain Validation skipping write tests
[    1.614588] scsi target2:0:1: Ending Domain Validation
[    1.615222] scsi target2:0:1: asynchronous
[    1.620005] random: systemd-udevd: uninitialized urandom read (16 bytes read)
[    1.621173] random: systemd-udevd: uninitialized urandom read (16 bytes read)
[    1.622260] random: systemd-udevd: uninitialized urandom read (16 bytes read)
[    1.623617] sd 2:0:0:0: [sda] 83886080 512-byte logical blocks: (42.9 GB/40.0 GiB)
[    1.624854] sd 2:0:0:0: [sda] Write Protect is off
[    1.625539] sd 2:0:0:0: [sda] Incomplete mode parameter data
[    1.626178] sd 2:0:0:0: [sda] Assuming drive cache: write through
[    1.627384] sd 2:0:0:0: Attached scsi generic sg0 type 0
[    1.628627] sd 2:0:1:0: [sdb] 20480 512-byte logical blocks: (10.5 MB/10.0 MiB)
[    1.629619] sd 2:0:1:0: Attached scsi generic sg1 type 0
[    1.629619] sd 2:0:1:0: [sdb] Write Protect is off
[    1.630952] sd 2:0:1:0: [sdb] Incomplete mode parameter data
[    1.631608] sd 2:0:1:0: [sdb] Assuming drive cache: write through
[    1.638990]  sda: sda1
[    1.641260] sd 2:0:0:0: [sda] Attached SCSI disk
[    1.656835] sd 2:0:1:0: [sdb] Attached SCSI disk
[    1.665269] e1000 0000:00:03.0 eth0: (PCI:33MHz:32-bit) 02:82:2a:96:15:3b
[    1.666334] e1000 0000:00:03.0 eth0: Intel(R) PRO/1000 Network Connection
[    1.668689] e1000 0000:00:03.0 enp0s3: renamed from eth0
Begin: Loading essential drivers ... [    3.114496] raid6: sse2x1   gen() 12896 MB/s
[    3.164203] raid6: sse2x1   xor()  8719 MB/s
[    3.214491] raid6: sse2x2   gen() 14160 MB/s
[    3.264483] raid6: sse2x2   xor()  9885 MB/s
[    3.314477] raid6: sse2x4   gen() 16615 MB/s
[    3.364487] raid6: sse2x4   xor() 11883 MB/s
[    3.365077] raid6: using algorithm sse2x4 gen() 16615 MB/s
[    3.365693] raid6: .... xor() 11883 MB/s, rmw enabled
[    3.366268] raid6: using ssse3x2 recovery algorithm
[    3.368333] xor: automatically using best checksumming function   avx       
[    3.370891] async_tx: api initialized (async)
done.
Begin: Running /scripts/init-premount ... done.
Begin: Mounting root file system ... Begin: Running /scripts/local-top ... done.
Begin: Running /scripts/local-premount ... [    3.415540] Btrfs loaded, crc32c=crc32c-intel
Scanning for Btrfs filesystems
done.
Warning: fsck not present, so skipping root file system
[    3.464489] EXT4-fs (sda1): mounted filesystem with ordered data mode. Opts: (null)
done.
Begin: Running /scripts/local-bottom ... done.
Begin: Running /scripts/init-bottom ... done.
[    4.419438] ip_tables: (C) 2000-2006 Netfilter Core Team
[    4.496715] systemd[1]: systemd 237 running in system mode. (+PAM +AUDIT +SELINUX +IMA +APPARMOR +SMACK +SYSVINIT +UTMP +LIBCRYPTSETUP +GCRYPT +GNUTLS +ACL +XZ +LZ4 +SECCOMP +BLKID +ELFUTILS +KMOD -IDN2 +IDN -PCRE2 default-hierarchy=hybrid)
[    4.502323] systemd[1]: Detected virtualization oracle.
[    4.503745] systemd[1]: Detected architecture x86-64.

Welcome to [1mUbuntu 18.04.5 LTS[0m!

[    4.529214] systemd[1]: Set hostname to <ubuntu>.
[    4.542150] systemd[1]: Initializing machine ID from random generator.
[    4.543710] systemd[1]: Installed transient /etc/machine-id file.
[    5.547396] random: crng init done
[    5.548539] random: 7 urandom warning(s) missed due to ratelimiting
[    5.899425] systemd[1]: Started Forward Password Requests to Wall Directory Watch.
[[0;32m  OK  [0m] Started Forward Password Requests to Wall Directory Watch.
[    5.903214] systemd[1]: Created slice System Slice.
[[0;32m  OK  [0m] Created slice System Slice.
[    5.904656] systemd[1]: Listening on /dev/initctl Compatibility Named Pipe.
[[0;32m  OK  [0m] Listening on /dev/initctl Compatibility Named Pipe.
[    5.906779] systemd[1]: Created slice system-serial\x2dgetty.slice.
[[0;32m  OK  [0m] Created slice system-serial\x2dgetty.slice.
[[0;32m  OK  [0m] Listening on Syslog Socket.
[[0;32m  OK  [0m] Listening on fsck to fsckd communication Socket.
[[0;32m  OK  [0m] Listening on LVM2 poll daemon socket.
[[0;32m  OK  [0m] Listening on Journal Socket.
         Starting Uncomplicated firewall...
         Mounting POSIX Message Queue File System...
[[0;32m  OK  [0m] Listening on udev Control Socket.
         Starting Set the console keyboard layout...
[[0;32m  OK  [0m] Reached target Swap.
[[0;32m  OK  [0m] Listening on LVM2 metadata daemon socket.
[[0;32m  OK  [0m] Listening on Journal Socket (/dev/log).
         Starting Load Kernel Modules...
         Mounting Huge Pages File System...
         Starting File System Check on Root Device...
[[0;32m  OK  [0m] Set up automount Arbitrary Executabâ€¦rmats File System Automount Point.
[[0;32m  OK  [0m] Listening on Network Service Netlink Socket.
[[0;32m  OK  [0m] Listening on Journal Audit Socket.
         Starting Journal Service...
[[0;32m  OK  [0m] Created slice User and Session Slice.
[[0;32m  OK  [0m] Reached target Slices.
         Mounting Kernel Debug File System...
[[0;32m  OK  [0m] Listening on Device-mapper event daemon FIFOs.
         Starting Monitoring of LVM2 mirrorsâ€¦ng dmeventd or progress polling...
[[0;32m  OK  [0m] Reached target System Time Synchronized.
[[0;32m  OK  [0m] Reached target User and Group Name Lookups.
         Starting Create list of required stâ€¦ce nodes for the current kernel...
[[0;32m  OK  [0m] Listening on udev Kernel Socket.
         Starting udev Coldplug all Devices...
[[0;32m  OK  [0m] Started Uncomplicated firewall.
[[0;32m  OK  [0m] Mounted POSIX Message Queue File System.
[[0;32m  OK  [0m] Mounted Huge Pages File System.
[[0;32m  OK  [0m] Mounted Kernel Debug File System.
[[0;32m  OK  [0m] Started File System Check Daemon to report status.
[    6.483633] Loading iSCSI transport class v2.0-870.
[[0;32m  OK  [0m] Started udev Coldplug all Devices.
[[0;32m  OK  [0m] Started Journal Service.
[[0;32m  OK  [0m] Started Create list of required staâ€¦vice nodes for the current kernel.
         Starting Create Static Device Nodes in /dev...
[[0;32m  OK  [0m] Started Set the console keyboard layout.
[[0;32m  OK  [0m] Started LVM2 metadata daemon.
[    6.841447] iscsi: registered transport (tcp)
[[0;32m  OK  [0m] Started File System Check on Root Device.
         Starting Remount Root and Kernel File Systems...
[    7.175888] iscsi: registered transport (iser)
[    7.178713] EXT4-fs (sda1): re-mounted. Opts: (null)
[[0;32m  OK  [0m] Started Load Kernel Modules.
         Mounting Kernel Configuration File System...
         Starting Apply Kernel Variables...
         Mounting FUSE Control File System...
[[0;32m  OK  [0m] Started Remount Root and Kernel File Systems.
[[0;32m  OK  [0m] Mounted Kernel Configuration File System.
[[0;32m  OK  [0m] Mounted FUSE Control File System.
         Starting Load/Save Random Seed...
         Starting Flush Journal to Persistent Storage...
[[0;32m  OK  [0m] Started Monitoring of LVM2 mirrors,â€¦sing dmeventd or progress polling.
[[0;32m  OK  [0m] Started Load/Save Random Seed.
[[0;32m  OK  [0m] Started Create Static Device Nodes in /dev.
         Starting udev Kernel Device Manager...
[[0;32m  OK  [0m] Reached target Local File Systems (Pre).
[[0;32m  OK  [0m] Reached target Local File Systems.
         Starting AppArmor initialization...
         Starting Tell Plymouth To Write Out Runtime Data...
         Starting ebtables ruleset management...
         Starting Set console font and keymap...
         Starting Commit a transient machine-id on disk...
[[0;32m  OK  [0m] Started Apply Kernel Variables.
[[0;32m  OK  [0m] Started Tell Plymouth To Write Out Runtime Data.
[[0;32m  OK  [0m] Started Set console font and keymap.
[[0;32m  OK  [0m] Started udev Kernel Device Manager.
[[0;32m  OK  [0m] Started Flush Journal to Persistent Storage.
[[0;32m  OK  [0m] Started Commit a transient machine-id on disk.
         Starting Create Volatile Files and Directories...
[[0;32m  OK  [0m] Started Dispatch Password Requests to Console Directory Watch.
[[0;32m  OK  [0m] Reached target Local Encrypted Volumes.
[[0;32m  OK  [0m] Started Create Volatile Files and Directories.
[[0;32m  OK  [0m] Started ebtables ruleset management.
         Starting Update UTMP about System Boot/Shutdown...
[[0;32m  OK  [0m] Started Update UTMP about System Boot/Shutdown.
[[0;32m  OK  [0m] Found device /dev/ttyS0.
[[0;32m  OK  [0m] Listening on Load/Save RF Kill Switch Status /dev/rfkill Watch.
[[0;32m  OK  [0m] Started AppArmor initialization.
         Starting Load AppArmor profiles managed internally by snapd...
         Starting Initial cloud-init job (pre-networking)...
[[0;32m  OK  [0m] Started Load AppArmor profiles managed internally by snapd.
[   13.577304] cloud-init[535]: Cloud-init v. 21.2-3-g899bfaa9-0ubuntu2~18.04.1 running 'init-local' at Tue, 14 Sep 2021 13:03:46 +0000. Up 12.91 seconds.
[[0;32m  OK  [0m] Started Initial cloud-init job (pre-networking).
[[0;32m  OK  [0m] Reached target Network (Pre).
         Starting Network Service...
[[0;32m  OK  [0m] Started Network Service.
         Starting Wait for Network to be Configured...
         Starting Network Name Resolution...
[[0;32m  OK  [0m] Started Network Name Resolution.
[[0;32m  OK  [0m] Reached target Host and Network Name Lookups.
[[0;32m  OK  [0m] Reached target Network.
[[0;32m  OK  [0m] Started Wait for Network to be Configured.
         Starting Initial cloud-init job (metadata service crawler)...
[   15.514906] cloud-init[666]: Cloud-init v. 21.2-3-g899bfaa9-0ubuntu2~18.04.1 running 'init' at Tue, 14 Sep 2021 13:03:49 +0000. Up 15.36 seconds.
[   15.516140] cloud-init[666]: ci-info: ++++++++++++++++++++++++++++++++++++++Net device info++++++++++++++++++++++++++++++++++++++
[   15.517251] cloud-init[666]: ci-info: +--------+------+----------------------------+---------------+--------+-------------------+
[   15.518220] cloud-init[666]: ci-info: | Device |  Up  |          Address           |      Mask     | Scope  |     Hw-Address    |
[   15.519186] cloud-init[666]: ci-info: +--------+------+----------------------------+---------------+--------+-------------------+
[   15.520250] cloud-init[666]: ci-info: | enp0s3 | True |         10.0.2.15          | 255.255.255.0 | global | 02:82:2a:96:15:3b |
[   15.521348] cloud-init[666]: ci-info: | enp0s3 | True | fe80::82:2aff:fe96:153b/64 |       .       |  link  | 02:82:2a:96:15:3b |
[   15.522429] cloud-init[666]: ci-info: |   lo   | True |         127.0.0.1          |   255.0.0.0   |  host  |         .         |
[   15.523387] cloud-init[666]: ci-info: |   lo   | True |          ::1/128           |       .       |  host  |         .         |
[   15.524383] cloud-init[666]: ci-info: +--------+------+----------------------------+---------------+--------+-------------------+
[   15.525331] cloud-init[666]: ci-info: ++++++++++++++++++++++++++++Route IPv4 info+++++++++++++++++++++++++++++
[   15.526146] cloud-init[666]: ci-info: +-------+-------------+----------+-----------------+-----------+-------+
[   15.526966] cloud-init[666]: ci-info: | Route | Destination | Gateway  |     Genmask     | Interface | Flags |
[   15.527843] cloud-init[666]: ci-info: +-------+-------------+----------+-----------------+-----------+-------+
[   15.528709] cloud-init[666]: ci-info: |   0   |   0.0.0.0   | 10.0.2.2 |     0.0.0.0     |   enp0s3  |   UG  |
[   15.529528] cloud-init[666]: ci-info: |   1   |   10.0.2.0  | 0.0.0.0  |  255.255.255.0  |   enp0s3  |   U   |
[   15.530372] cloud-init[666]: ci-info: |   2   |   10.0.2.2  | 0.0.0.0  | 255.255.255.255 |   enp0s3  |   UH  |
[   15.531190] cloud-init[666]: ci-info: +-------+-------------+----------+-----------------+-----------+-------+
[   15.532007] cloud-init[666]: ci-info: +++++++++++++++++++Route IPv6 info+++++++++++++++++++
[   15.532749] cloud-init[666]: ci-info: +-------+-------------+---------+-----------+-------+
[   15.533501] cloud-init[666]: ci-info: | Route | Destination | Gateway | Interface | Flags |
[   15.534259] cloud-init[666]: ci-info: +-------+-------------+---------+-----------+-------+
[   15.534931] cloud-init[666]: ci-info: |   1   |  fe80::/64  |    ::   |   enp0s3  |   U   |
[   15.535712] cloud-init[666]: ci-info: |   3   |    local    |    ::   |   enp0s3  |   U   |
[   15.536503] cloud-init[666]: ci-info: |   4   |   ff00::/8  |    ::   |   enp0s3  |   U   |
[   15.537288] cloud-init[666]: ci-info: +-------+-------------+---------+-----------+-------+
[   17.257488] cloud-init[666]: Generating public/private rsa key pair.
[   17.258529] cloud-init[666]: Your identification has been saved in /etc/ssh/ssh_host_rsa_key.
[   17.259710] cloud-init[666]: Your public key has been saved in /etc/ssh/ssh_host_rsa_key.pub.
[   17.260927] cloud-init[666]: The key fingerprint is:
[   17.261659] cloud-init[666]: SHA256:nFmGxBlkwaIDqBaxbKHIAf4nuvdIkImIra7+ZHo3K8I root@ubuntu-bionic
[   17.262889] cloud-init[666]: The key's randomart image is:
[   17.263673] cloud-init[666]: +---[RSA 2048]----+
[   17.264512] cloud-init[666]: |o=.    +*+       |
[   17.265424] cloud-init[666]: |B.=   .o+.       |
[   17.266335] cloud-init[666]: |+*.. . .. o      |
[   17.267011] cloud-init[666]: |*o+ o  . =       |
[   17.267690] cloud-init[666]: |=+.o o  S        |
[   17.268379] cloud-init[666]: | .o o            |
[   17.268967] cloud-init[666]: |o. +             |
[   17.269549] cloud-init[666]: |.E*+.o           |
[   17.270132] cloud-init[666]: |+==o+oo          |
[   17.270705] cloud-init[666]: +----[SHA256]-----+
[   17.271280] cloud-init[666]: Generating public/private dsa key pair.
[   17.272073] cloud-init[666]: Your identification has been saved in /etc/ssh/ssh_host_dsa_key.
[   17.273004] cloud-init[666]: Your public key has been saved in /etc/ssh/ssh_host_dsa_key.pub.
[   17.273990] cloud-init[666]: The key fingerprint is:
[   17.274598] cloud-init[666]: SHA256:z8zuAzd6bDPMK2I/UI05gQpCXZT/uijFCnNAEwSjpLY root@ubuntu-bionic
[   17.275619] cloud-init[666]: The key's randomart image is:
[   17.276331] cloud-init[666]: +---[DSA 1024]----+
[   17.276905] cloud-init[666]: |*=o oo..         |
[   17.277476] cloud-init[666]: |=+.. .. .        |
[   17.278045] cloud-init[666]: |+o.. ..  =       |
[   17.278615] cloud-init[666]: |... .  .= .      |
[   17.279181] cloud-init[666]: | E. .  .S.       |
[   17.279754] cloud-init[666]: | o . o. .*o      |
[   17.280360] cloud-init[666]: |  + o  ..B=.     |
[   17.280935] cloud-init[666]: |   o  +.+.X      |
[   17.281500] cloud-init[666]: |    .o +o*+=     |
[   17.282068] cloud-init[666]: +----[SHA256]-----+
[   17.282640] cloud-init[666]: Generating public/private ecdsa key pair.
[   17.283399] cloud-init[666]: Your identification has been saved in /etc/ssh/ssh_host_ecdsa_key.
[   17.284481] cloud-init[666]: Your public key has been saved in /etc/ssh/ssh_host_ecdsa_key.pub.
[   17.285459] cloud-init[666]: The key fingerprint is:
[   17.286059] cloud-init[666]: SHA256:BeRlB2wJZAFMQ4UVm7/i0rtfEZEW8JMtu1eWt7SHHDY root@ubuntu-bionic
[   17.287066] cloud-init[666]: The key's randomart image is:
[   17.287714] cloud-init[666]: +---[ECDSA 256]---+
[   17.288329] cloud-init[666]: |     +=B@==++o   |
[   17.288820] cloud-init[666]: |      o+ *+oo+   |
[   17.289291] cloud-init[666]: |        +...* .  |
[   17.289762] cloud-init[666]: |         o   =  .|
[   17.290233] cloud-init[666]: |        S . o Eo+|
[   17.290700] cloud-init[666]: |           . =.*+|
[   17.291175] cloud-init[666]: |       .. . o +o.|
[   17.291661] cloud-init[666]: |      .... . .  .|
[   17.292185] cloud-init[666]: |       .++.      |
[   17.292657] cloud-init[666]: +----[SHA256]-----+
[   17.293124] cloud-init[666]: Generating public/private ed25519 key pair.
[   17.293748] cloud-init[666]: Your identification has been saved in /etc/ssh/ssh_host_ed25519_key.
[   17.294558] cloud-init[666]: Your public key has been saved in /etc/ssh/ssh_host_ed25519_key.pub.
[   17.295357] cloud-init[666]: The key fingerprint is:
[   17.295850] cloud-init[666]: SHA256:J2pNO3kYv1Z4uL01akLhuhl2wGthwHFO96Y4VBcznHo root@ubuntu-bionic
[   17.296689] cloud-init[666]: The key's randomart image is:
[   17.297221] cloud-init[666]: +--[ED25519 256]--+
[   17.297691] cloud-init[666]: |      . o o.=o   |
[   17.298145] cloud-init[666]: |     . = o ooo   |
[   17.298605] cloud-init[666]: |      o o  .o    |
[   17.299062] cloud-init[666]: |       + .ooE    |
[   17.299517] cloud-init[666]: |        S.o=     |
[   17.299993] cloud-init[666]: |       = &= o    |
[   17.300461] cloud-init[666]: |      o @o+=  o  |
[   17.300906] cloud-init[666]: |     . o.*+.oo . |
[   17.301359] cloud-init[666]: |        oo.oo.   |
[   17.301792] cloud-init[666]: +----[SHA256]-----+
[[0;32m  OK  [0m] Started Initial cloud-init job (metadata service crawler).
[[0;32m  OK  [0m] Reached target System Initialization.
[[0;32m  OK  [0m] Started Daily Cleanup of Temporary Directories.
[[0;32m  OK  [0m] Started Discard unused blocks once a week.
[[0;32m  OK  [0m] Started Ubuntu Advantage update messaging.
[[0;32m  OK  [0m] Listening on D-Bus System Message Bus Socket.
[[0;32m  OK  [0m] Started Message of the Day.
[[0;32m  OK  [0m] Started ACPI Events Check.
[[0;32m  OK  [0m] Listening on Open-iSCSI iscsid Socket.
[[0;32m  OK  [0m] Listening on UUID daemon activation socket.
[[0;32m  OK  [0m] Listening on ACPID Listen Socket.
         Starting LXD - unix socket.
         Starting Socket activation for snappy daemon.
[[0;32m  OK  [0m] Reached target Paths.
[[0;32m  OK  [0m] Started Daily apt download activities.
[[0;32m  OK  [0m] Started Daily apt upgrade and clean activities.
[[0;32m  OK  [0m] Reached target Timers.
[[0;32m  OK  [0m] Reached target Network is Online.
         Starting Availability of block devices...
[[0;32m  OK  [0m] Reached target Remote File Systems (Pre).
[[0;32m  OK  [0m] Reached target Remote File Systems.
[[0;32m  OK  [0m] Reached target Cloud-config availability.
[[0;32m  OK  [0m] Listening on LXD - unix socket.
[[0;32m  OK  [0m] Listening on Socket activation for snappy daemon.
[[0;32m  OK  [0m] Reached target Sockets.
[[0;32m  OK  [0m] Reached target Basic System.
         Starting Accounts Service...
         Starting LSB: Record successful boot for GRUB...
         Starting Login Service...
         Starting Dispatcher daemon for systemd-networkd...
[[0;32m  OK  [0m] Started Regular background program processing daemon.
[[0;32m  OK  [0m] Started D-Bus System Message Bus.
[[0;32m  OK  [0m] Started irqbalance daemon.
         Starting Permit User Sessions...
         Starting Pollinate to seed the pseudo random number generator...
         Starting LSB: automatic crash report generation...
         Starting Virtualbox guest utils...
[[0;32m  OK  [0m] Started Deferred execution scheduler.
         Starting Snap Daemon...
[[0;32m  OK  [0m] Started FUSE filesystem for LXC.
         Starting System Logging Service...
         Starting LXD - container startup/shutdown...
[[0;32m  OK  [0m] Started Availability of block devices.
[[0;32m  OK  [0m] Started Permit User Sessions.
[[0;32m  OK  [0m] Started Login Service.
         Starting Authorization Manager...
[[0;32m  OK  [0m] Started Unattended Upgrades Shutdown.
         Starting Terminate Plymouth Boot Screen...
         Starting Hold until boot process finishes up...
[[0;32m  OK  [0m] Started Hold until boot process finishes up.
         Starting Set console scheme...
[[0;32m  OK  [0m] Started Serial Getty on ttyS0.
[[0;32m  OK  [0m] Started Terminate Plymouth Boot Screen.
[[0;32m  OK  [0m] Started Set console scheme.
[[0;32m  OK  [0m] Created slice system-getty.slice.
[[0;32m  OK  [0m] Started Getty on tty1.
[[0;32m  OK  [0m] Reached target Login Prompts.
[[0;32m  OK  [0m] Started LSB: automatic crash report generation.
[[0;32m  OK  [0m] Started LSB: Record successful boot for GRUB.
[[0;32m  OK  [0m] Started Dispatcher daemon for systemd-networkd.
[[0;32m  OK  [0m] Started Authorization Manager.
[[0;32m  OK  [0m] Started Accounts Service.
[[0;32m  OK  [0m] Started System Logging Service.
[[0;32m  OK  [0m] Started Virtualbox guest utils.
[[0;32m  OK  [0m] Started LXD - container startup/shutdown.
[[0;32m  OK  [0m] Started Snap Daemon.
         Starting Wait until snapd is fully seeded...
[[0;32m  OK  [0m] Started Pollinate to seed the pseudo random number generator.
         Starting OpenBSD Secure Shell server...
[[0;32m  OK  [0m] Started OpenBSD Secure Shell server.
[[0;32m  OK  [0m] Created slice User Slice of vagrant.
         Starting User Manager for UID 1000...
[[0;32m  OK  [0m] Started Session 1 of user vagrant.
[[0;32m  OK  [0m] Started User Manager for UID 1000.

Ubuntu 18.04.5 LTS ubuntu-bionic ttyS0

ubuntu-bionic login: [   27.302795] cloud-init[1364]: Cloud-init v. 21.2-3-g899bfaa9-0ubuntu2~18.04.1 running 'modules:config' at Tue, 14 Sep 2021 13:03:58 +0000. Up 24.08 seconds.
ci-info: no authorized SSH keys fingerprints found for user ubuntu.
<14>Sep 14 13:04:01 cloud-init: #############################################################
<14>Sep 14 13:04:01 cloud-init: -----BEGIN SSH HOST KEY FINGERPRINTS-----
<14>Sep 14 13:04:01 cloud-init: 1024 SHA256:z8zuAzd6bDPMK2I/UI05gQpCXZT/uijFCnNAEwSjpLY root@ubuntu-bionic (DSA)
<14>Sep 14 13:04:01 cloud-init: 256 SHA256:BeRlB2wJZAFMQ4UVm7/i0rtfEZEW8JMtu1eWt7SHHDY root@ubuntu-bionic (ECDSA)
<14>Sep 14 13:04:01 cloud-init: 256 SHA256:J2pNO3kYv1Z4uL01akLhuhl2wGthwHFO96Y4VBcznHo root@ubuntu-bionic (ED25519)
<14>Sep 14 13:04:01 cloud-init: 2048 SHA256:nFmGxBlkwaIDqBaxbKHIAf4nuvdIkImIra7+ZHo3K8I root@ubuntu-bionic (RSA)
<14>Sep 14 13:04:01 cloud-init: -----END SSH HOST KEY FINGERPRINTS-----
<14>Sep 14 13:04:01 cloud-init: #############################################################
-----BEGIN SSH HOST KEY KEYS-----
ecdsa-sha2-nistp256 AAAAE2VjZHNhLXNoYTItbmlzdHAyNTYAAAAIbmlzdHAyNTYAAABBBGK63ifpN+hbeAZQsgHlDbqLES4D1ncG6Rh3FS906pDwekZqD4whPTGC9SwQuolHhWlYjCmR00e2RgKqyV5Rg58= root@ubuntu-bionic
ssh-ed25519 AAAAC3NzaC1lZDI1NTE5AAAAIJJ75kEb2SOzj2tp1Wigmq1HeVBoUuI5J7yIpldKcqnd root@ubuntu-bionic
ssh-rsa AAAAB3NzaC1yc2EAAAADAQABAAABAQDiIhBPW56W8uMRkMwwNI5yZPMZCXavyk5yBryyNwJR5bY6xtimrZJAt99RhpDMVqlk5rOiMo64ELNtzGIRoY/7XmUdAAzYEBQEAM+zweC5AW54buMpIX7ecfFpoRq5csXGQb/T/H90sH1CVECM51nX84YNHp8Q9iW3rezpLiSF5UVjc9Lxah/rk1/CkB+GyAAzM8lXiOfpJjPzmbdvdYGXier/1ZAzEkL+xSenyQ2nD9asuNWx1uJ9NWWaXUe7M46Gvyb+D/YJPnJIJhTvxHWqQJC93LF4pfV30RYUW8xyLRY0eX8wttIkGmW2goZqMC4sysOrZY6dYRITzEHTH41N root@ubuntu-bionic
-----END SSH HOST KEY KEYS-----
[   27.947638] cloud-init[1490]: Cloud-init v. 21.2-3-g899bfaa9-0ubuntu2~18.04.1 running 'modules:final' at Tue, 14 Sep 2021 13:04:01 +0000. Up 27.67 seconds.
[   27.949017] cloud-init[1490]: ci-info: no authorized SSH keys fingerprints found for user ubuntu.
[   27.949847] cloud-init[1490]: Cloud-init v. 21.2-3-g899bfaa9-0ubuntu2~18.04.1 finished at Tue, 14 Sep 2021 13:04:01 +0000. Datasource DataSourceNoCloud [seed=/dev/sdb][dsmode=net].  Up 27.93 seconds
